node.exe : FAIL src/auth/auth.service.spec.ts
En C:\Program Files\nodejs\npx.ps1: 29 Carácter: 3
+   & $NODE_EXE $NPX_CLI_JS $args
+   ~~~~~~~~~~~~~~~~~~~~~~~~~~~~~
    + CategoryInfo          : NotSpecified: (FAIL src/auth/auth.service.spec.ts 
   :String) [], RemoteException
    + FullyQualifiedErrorId : NativeCommandError
 
  AuthService
    ├ù should be defined (7 ms)
    ├ù should return null if password does not match (2 ms)
    ├ù should return null if user not found (2 ms)
    validateUser
      ├ù should return user without password if validation succeeds (2 ms)
    login
      ├ù should return access_token and refresh_token (2 ms)

  ÔùÅ AuthService ÔÇ║ should be defined

    Nest can't resolve dependencies of the AuthService (UsersService, 
JwtService, ConfigService, ?, MailService, WorkspacesService). Please make sure 
that the argument SettingsService at index [3] is available in the 
RootTestModule context.

    Potential solutions:
    - Is RootTestModule a valid NestJS module?
    - If SettingsService is a provider, is it part of the current 
RootTestModule?
    - If SettingsService is exported from a separate @Module, is that module 
imported within RootTestModule?
      @Module({
        imports: [ /* the Module containing SettingsService */ ]
      })

    For more common dependency resolution issues, see: 
https://docs.nestjs.com/faq/common-errors

    [0m [90m 34 |[39m
     [90m 35 |[39m   beforeEach([36masync[39m () [33m=>[39m {
    [31m[1m>[22m[39m[90m 36 |[39m     [36mconst[39m module[33m:[39m 
[33mTestingModule[39m [33m=[39m [36mawait[39m 
[33mTest[39m[33m.[39mcreateTestingModule({
     [90m    |[39m                                   [31m[1m^[22m[39m
     [90m 37 |[39m       providers[33m:[39m [
     [90m 38 |[39m         [33mAuthService[39m[33m,[39m
     [90m 39 |[39m         { provide[33m:[39m 
[33mUsersService[39m[33m,[39m useFactory[33m:[39m mockUsersService 
}[33m,[39m[0m

      at TestingInjector.lookupComponentInParentModules 
(../node_modules/@nestjs/core/injector/injector.js:290:19)
      at TestingInjector.resolveComponentWrapper 
(../node_modules/@nestjs/testing/testing-injector.js:19:45)
      at resolveParam (../node_modules/@nestjs/core/injector/injector.js:140:38)
          at async Promise.all (index 3)
      at TestingInjector.resolveConstructorParams 
(../node_modules/@nestjs/core/injector/injector.js:169:27)
      at TestingInjector.loadInstance 
(../node_modules/@nestjs/core/injector/injector.js:75:13)
      at TestingInjector.loadProvider 
(../node_modules/@nestjs/core/injector/injector.js:103:9)
      at ../node_modules/@nestjs/core/injector/instance-loader.js:56:13
          at async Promise.all (index 3)
      at TestingInstanceLoader.createInstancesOfProviders 
(../node_modules/@nestjs/core/injector/instance-loader.js:55:9)
      at ../node_modules/@nestjs/core/injector/instance-loader.js:40:13
          at async Promise.all (index 1)
      at TestingInstanceLoader.createInstances 
(../node_modules/@nestjs/core/injector/instance-loader.js:39:9)
      at TestingInstanceLoader.createInstancesOfDependencies 
(../node_modules/@nestjs/core/injector/instance-loader.js:22:13)
      at TestingInstanceLoader.createInstancesOfDependencies 
(../node_modules/@nestjs/testing/testing-instance-loader.js:9:9)
      at TestingModuleBuilder.createInstancesOfDependencies 
(../node_modules/@nestjs/testing/testing-module.builder.js:118:9)
      at TestingModuleBuilder.compile 
(../node_modules/@nestjs/testing/testing-module.builder.js:74:9)
      at Object.<anonymous> (auth/auth.service.spec.ts:36:35)

  ÔùÅ AuthService ÔÇ║ validateUser ÔÇ║ should return user without password if 
validation succeeds

    Nest can't resolve dependencies of the AuthService (UsersService, 
JwtService, ConfigService, ?, MailService, WorkspacesService). Please make sure 
that the argument SettingsService at index [3] is available in the 
RootTestModule context.

    Potential solutions:
    - Is RootTestModule a valid NestJS module?
    - If SettingsService is a provider, is it part of the current 
RootTestModule?
    - If SettingsService is exported from a separate @Module, is that module 
imported within RootTestModule?
      @Module({
        imports: [ /* the Module containing SettingsService */ ]
      })

    For more common dependency resolution issues, see: 
https://docs.nestjs.com/faq/common-errors

    [0m [90m 34 |[39m
     [90m 35 |[39m   beforeEach([36masync[39m () [33m=>[39m {
    [31m[1m>[22m[39m[90m 36 |[39m     [36mconst[39m module[33m:[39m 
[33mTestingModule[39m [33m=[39m [36mawait[39m 
[33mTest[39m[33m.[39mcreateTestingModule({
     [90m    |[39m                                   [31m[1m^[22m[39m
     [90m 37 |[39m       providers[33m:[39m [
     [90m 38 |[39m         [33mAuthService[39m[33m,[39m
     [90m 39 |[39m         { provide[33m:[39m 
[33mUsersService[39m[33m,[39m useFactory[33m:[39m mockUsersService 
}[33m,[39m[0m

      at TestingInjector.lookupComponentInParentModules 
(../node_modules/@nestjs/core/injector/injector.js:290:19)
      at TestingInjector.resolveComponentWrapper 
(../node_modules/@nestjs/testing/testing-injector.js:19:45)
      at resolveParam (../node_modules/@nestjs/core/injector/injector.js:140:38)
          at async Promise.all (index 3)
      at TestingInjector.resolveConstructorParams 
(../node_modules/@nestjs/core/injector/injector.js:169:27)
      at TestingInjector.loadInstance 
(../node_modules/@nestjs/core/injector/injector.js:75:13)
      at TestingInjector.loadProvider 
(../node_modules/@nestjs/core/injector/injector.js:103:9)
      at ../node_modules/@nestjs/core/injector/instance-loader.js:56:13
          at async Promise.all (index 3)
      at TestingInstanceLoader.createInstancesOfProviders 
(../node_modules/@nestjs/core/injector/instance-loader.js:55:9)
      at ../node_modules/@nestjs/core/injector/instance-loader.js:40:13
          at async Promise.all (index 1)
      at TestingInstanceLoader.createInstances 
(../node_modules/@nestjs/core/injector/instance-loader.js:39:9)
      at TestingInstanceLoader.createInstancesOfDependencies 
(../node_modules/@nestjs/core/injector/instance-loader.js:22:13)
      at TestingInstanceLoader.createInstancesOfDependencies 
(../node_modules/@nestjs/testing/testing-instance-loader.js:9:9)
      at TestingModuleBuilder.createInstancesOfDependencies 
(../node_modules/@nestjs/testing/testing-module.builder.js:118:9)
      at TestingModuleBuilder.compile 
(../node_modules/@nestjs/testing/testing-module.builder.js:74:9)
      at Object.<anonymous> (auth/auth.service.spec.ts:36:35)

  ÔùÅ AuthService ÔÇ║ should return null if password does not match

    Nest can't resolve dependencies of the AuthService (UsersService, 
JwtService, ConfigService, ?, MailService, WorkspacesService). Please make sure 
that the argument SettingsService at index [3] is available in the 
RootTestModule context.

    Potential solutions:
    - Is RootTestModule a valid NestJS module?
    - If SettingsService is a provider, is it part of the current 
RootTestModule?
    - If SettingsService is exported from a separate @Module, is that module 
imported within RootTestModule?
      @Module({
        imports: [ /* the Module containing SettingsService */ ]
      })

    For more common dependency resolution issues, see: 
https://docs.nestjs.com/faq/common-errors

    [0m [90m 34 |[39m
     [90m 35 |[39m   beforeEach([36masync[39m () [33m=>[39m {
    [31m[1m>[22m[39m[90m 36 |[39m     [36mconst[39m module[33m:[39m 
[33mTestingModule[39m [33m=[39m [36mawait[39m 
[33mTest[39m[33m.[39mcreateTestingModule({
     [90m    |[39m                                   [31m[1m^[22m[39m
     [90m 37 |[39m       providers[33m:[39m [
     [90m 38 |[39m         [33mAuthService[39m[33m,[39m
     [90m 39 |[39m         { provide[33m:[39m 
[33mUsersService[39m[33m,[39m useFactory[33m:[39m mockUsersService 
}[33m,[39m[0m

      at TestingInjector.lookupComponentInParentModules 
(../node_modules/@nestjs/core/injector/injector.js:290:19)
      at TestingInjector.resolveComponentWrapper 
(../node_modules/@nestjs/testing/testing-injector.js:19:45)
      at resolveParam (../node_modules/@nestjs/core/injector/injector.js:140:38)
          at async Promise.all (index 3)
      at TestingInjector.resolveConstructorParams 
(../node_modules/@nestjs/core/injector/injector.js:169:27)
      at TestingInjector.loadInstance 
(../node_modules/@nestjs/core/injector/injector.js:75:13)
      at TestingInjector.loadProvider 
(../node_modules/@nestjs/core/injector/injector.js:103:9)
      at ../node_modules/@nestjs/core/injector/instance-loader.js:56:13
          at async Promise.all (index 3)
      at TestingInstanceLoader.createInstancesOfProviders 
(../node_modules/@nestjs/core/injector/instance-loader.js:55:9)
      at ../node_modules/@nestjs/core/injector/instance-loader.js:40:13
          at async Promise.all (index 1)
      at TestingInstanceLoader.createInstances 
(../node_modules/@nestjs/core/injector/instance-loader.js:39:9)
      at TestingInstanceLoader.createInstancesOfDependencies 
(../node_modules/@nestjs/core/injector/instance-loader.js:22:13)
      at TestingInstanceLoader.createInstancesOfDependencies 
(../node_modules/@nestjs/testing/testing-instance-loader.js:9:9)
      at TestingModuleBuilder.createInstancesOfDependencies 
(../node_modules/@nestjs/testing/testing-module.builder.js:118:9)
      at TestingModuleBuilder.compile 
(../node_modules/@nestjs/testing/testing-module.builder.js:74:9)
      at Object.<anonymous> (auth/auth.service.spec.ts:36:35)

  ÔùÅ AuthService ÔÇ║ should return null if user not found

    Nest can't resolve dependencies of the AuthService (UsersService, 
JwtService, ConfigService, ?, MailService, WorkspacesService). Please make sure 
that the argument SettingsService at index [3] is available in the 
RootTestModule context.

    Potential solutions:
    - Is RootTestModule a valid NestJS module?
    - If SettingsService is a provider, is it part of the current 
RootTestModule?
    - If SettingsService is exported from a separate @Module, is that module 
imported within RootTestModule?
      @Module({
        imports: [ /* the Module containing SettingsService */ ]
      })

    For more common dependency resolution issues, see: 
https://docs.nestjs.com/faq/common-errors

    [0m [90m 34 |[39m
     [90m 35 |[39m   beforeEach([36masync[39m () [33m=>[39m {
    [31m[1m>[22m[39m[90m 36 |[39m     [36mconst[39m module[33m:[39m 
[33mTestingModule[39m [33m=[39m [36mawait[39m 
[33mTest[39m[33m.[39mcreateTestingModule({
     [90m    |[39m                                   [31m[1m^[22m[39m
     [90m 37 |[39m       providers[33m:[39m [
     [90m 38 |[39m         [33mAuthService[39m[33m,[39m
     [90m 39 |[39m         { provide[33m:[39m 
[33mUsersService[39m[33m,[39m useFactory[33m:[39m mockUsersService 
}[33m,[39m[0m

      at TestingInjector.lookupComponentInParentModules 
(../node_modules/@nestjs/core/injector/injector.js:290:19)
      at TestingInjector.resolveComponentWrapper 
(../node_modules/@nestjs/testing/testing-injector.js:19:45)
      at resolveParam (../node_modules/@nestjs/core/injector/injector.js:140:38)
          at async Promise.all (index 3)
      at TestingInjector.resolveConstructorParams 
(../node_modules/@nestjs/core/injector/injector.js:169:27)
      at TestingInjector.loadInstance 
(../node_modules/@nestjs/core/injector/injector.js:75:13)
      at TestingInjector.loadProvider 
(../node_modules/@nestjs/core/injector/injector.js:103:9)
      at ../node_modules/@nestjs/core/injector/instance-loader.js:56:13
          at async Promise.all (index 3)
      at TestingInstanceLoader.createInstancesOfProviders 
(../node_modules/@nestjs/core/injector/instance-loader.js:55:9)
      at ../node_modules/@nestjs/core/injector/instance-loader.js:40:13
          at async Promise.all (index 1)
      at TestingInstanceLoader.createInstances 
(../node_modules/@nestjs/core/injector/instance-loader.js:39:9)
      at TestingInstanceLoader.createInstancesOfDependencies 
(../node_modules/@nestjs/core/injector/instance-loader.js:22:13)
      at TestingInstanceLoader.createInstancesOfDependencies 
(../node_modules/@nestjs/testing/testing-instance-loader.js:9:9)
      at TestingModuleBuilder.createInstancesOfDependencies 
(../node_modules/@nestjs/testing/testing-module.builder.js:118:9)
      at TestingModuleBuilder.compile 
(../node_modules/@nestjs/testing/testing-module.builder.js:74:9)
      at Object.<anonymous> (auth/auth.service.spec.ts:36:35)

  ÔùÅ AuthService ÔÇ║ login ÔÇ║ should return access_token and refresh_token

    Nest can't resolve dependencies of the AuthService (UsersService, 
JwtService, ConfigService, ?, MailService, WorkspacesService). Please make sure 
that the argument SettingsService at index [3] is available in the 
RootTestModule context.

    Potential solutions:
    - Is RootTestModule a valid NestJS module?
    - If SettingsService is a provider, is it part of the current 
RootTestModule?
    - If SettingsService is exported from a separate @Module, is that module 
imported within RootTestModule?
      @Module({
        imports: [ /* the Module containing SettingsService */ ]
      })

    For more common dependency resolution issues, see: 
https://docs.nestjs.com/faq/common-errors

    [0m [90m 34 |[39m
     [90m 35 |[39m   beforeEach([36masync[39m () [33m=>[39m {
    [31m[1m>[22m[39m[90m 36 |[39m     [36mconst[39m module[33m:[39m 
[33mTestingModule[39m [33m=[39m [36mawait[39m 
[33mTest[39m[33m.[39mcreateTestingModule({
     [90m    |[39m                                   [31m[1m^[22m[39m
     [90m 37 |[39m       providers[33m:[39m [
     [90m 38 |[39m         [33mAuthService[39m[33m,[39m
     [90m 39 |[39m         { provide[33m:[39m 
[33mUsersService[39m[33m,[39m useFactory[33m:[39m mockUsersService 
}[33m,[39m[0m

      at TestingInjector.lookupComponentInParentModules 
(../node_modules/@nestjs/core/injector/injector.js:290:19)
      at TestingInjector.resolveComponentWrapper 
(../node_modules/@nestjs/testing/testing-injector.js:19:45)
      at resolveParam (../node_modules/@nestjs/core/injector/injector.js:140:38)
          at async Promise.all (index 3)
      at TestingInjector.resolveConstructorParams 
(../node_modules/@nestjs/core/injector/injector.js:169:27)
      at TestingInjector.loadInstance 
(../node_modules/@nestjs/core/injector/injector.js:75:13)
      at TestingInjector.loadProvider 
(../node_modules/@nestjs/core/injector/injector.js:103:9)
      at ../node_modules/@nestjs/core/injector/instance-loader.js:56:13
          at async Promise.all (index 3)
      at TestingInstanceLoader.createInstancesOfProviders 
(../node_modules/@nestjs/core/injector/instance-loader.js:55:9)
      at ../node_modules/@nestjs/core/injector/instance-loader.js:40:13
          at async Promise.all (index 1)
      at TestingInstanceLoader.createInstances 
(../node_modules/@nestjs/core/injector/instance-loader.js:39:9)
      at TestingInstanceLoader.createInstancesOfDependencies 
(../node_modules/@nestjs/core/injector/instance-loader.js:22:13)
      at TestingInstanceLoader.createInstancesOfDependencies 
(../node_modules/@nestjs/testing/testing-instance-loader.js:9:9)
      at TestingModuleBuilder.createInstancesOfDependencies 
(../node_modules/@nestjs/testing/testing-module.builder.js:118:9)
      at TestingModuleBuilder.compile 
(../node_modules/@nestjs/testing/testing-module.builder.js:74:9)
      at Object.<anonymous> (auth/auth.service.spec.ts:36:35)

Test Suites: 1 failed, 1 total
Tests:       5 failed, 5 total
Snapshots:   0 total
Time:        0.964 s, estimated 1 s
Ran all test suites matching src/auth/auth.service.spec.ts.
